--- request --
POST /api/files.getUploadURLExternal HTTP/1.1
Host: slack.com
User-Agent: Go-http-client/1.1
Content-Length: 46
Content-Type: application/x-www-form-urlencoded
Accept-Encoding: gzip

filename=nowpaste&length=126&token=dummy_token
--- response status ---
200 OK
=====================
--- request --
POST /upload/v1/ABC123... HTTP/1.1
Host: files.slack.com
User-Agent: Go-http-client/1.1
Transfer-Encoding: chunked
Authorization: Bearer dummy_token
Content-Type: multipart/form-data; boundary=000000000000000000000000000000000000000000000000000000000000
Accept-Encoding: gzip

1b2
--000000000000000000000000000000000000000000000000000000000000
Content-Disposition: form-data; name="file"; filename="nowpaste"
Content-Type: application/octet-stream

this is test message
this is test message
this is test message
this is test message
this is test message
this is test message

--000000000000000000000000000000000000000000000000000000000000--

--000000000000000000000000000000000000000000000000000000000000--

0


--- response status ---
200 OK
=====================
--- request --
POST /api/files.completeUploadExternal HTTP/1.1
Host: slack.com
User-Agent: Go-http-client/1.1
Content-Length: 105
Content-Type: application/x-www-form-urlencoded
Accept-Encoding: gzip

channel_id=%23test&files=%5B%7B%22id%22%3A%22F123ABC456%22%2C%22title%22%3A%22%22%7D%5D&token=dummy_token
--- response status ---
200 OK
=====================
