POST /api/files.getUploadURLExternal HTTP/1.1
Host: slack.com
User-Agent: Go-http-client/1.1
Content-Length: 46
Content-Type: application/x-www-form-urlencoded
Accept-Encoding: gzip

filename=nowpaste&length=126&token=dummy_token
-----
Response Status: 200
=====
POST /upload/v1/ABC123... HTTP/1.1
Host: files.slack.com
User-Agent: Go-http-client/1.1
Content-Length: 164
Content-Type: application/x-www-form-urlencoded
Accept-Encoding: gzip

content=this+is+test+message%0Athis+is+test+message%0Athis+is+test+message%0Athis+is+test+message%0Athis+is+test+message%0Athis+is+test+message%0A&token=dummy_token
-----
Response Status: 200
=====
POST /api/files.completeUploadExternal HTTP/1.1
Host: slack.com
User-Agent: Go-http-client/1.1
Content-Length: 105
Content-Type: application/x-www-form-urlencoded
Accept-Encoding: gzip

channel_id=%23test&files=%5B%7B%22id%22%3A%22F123ABC456%22%2C%22title%22%3A%22%22%7D%5D&token=dummy_token
-----
Response Status: 200
=====
